test_double_pendulum_fuzzy_prediction (tests.test_double_pendulum.TestDoublePendulumFuzzyPrediction.test_double_pendulum_fuzzy_prediction)
Main test: simulate double pendulum and train fuzzy regression models. ... Generated 7 trajectories
First trajectory shape: (401, 4)
gen-sim-data took 0.0511 seconds

############################################################
# STEP 2: Single-Step Prediction Model
############################################################
Loading 7 simulation files...
Combined data shape: X=(2800, 2), y=(2800, 2)
Loading 1 simulation files...
Combined data shape: X=(400, 2), y=(400, 2)

============================================================
SINGLE-STEP PREDICTION MODEL
============================================================

Features Ranked by Differentiation Strength:
================================================================================
 1. feature_0                      - Score: 1.0000
 2. feature_1                      - Score: 0.1786
================================================================================
  Automatically selected 4 Gaussians for feature_1 (label 2)
  Automatically selected 3 Gaussians for feature_0 (label 2)
  Automatically selected 4 Gaussians for feature_1 (label 1)
  Automatically selected 4 Gaussians for feature_1 (label 0)
  Automatically selected 4 Gaussians for feature_0 (label 1)
  Automatically selected 4 Gaussians for feature_0 (label 0)

Optimizing 2nd Order TSK Coefficients...
================================================================================
Optimization completed. Final training MSE: 0.0004

theta_1:
  MSE:  0.000410
  RMSE: 0.020248
  MAE:  0.015233
  R²:   0.999604
train-single took 1.0884 seconds

############################################################
# STEP 4: MIMO Full-State Prediction Model (window=1)
############################################################
Loading 7 simulation files for MIMO (window=1)...
MIMO combined data shape: X=(2800, 2), y=(2800, 2)
Loading 1 simulation files for MIMO (window=1)...
MIMO combined data shape: X=(400, 2), y=(400, 2)

============================================================
MIMO FULL-STATE PREDICTION MODEL (window=1)
============================================================
  Fitting regressor for output 'theta_1' (1/2)

Features Ranked by Differentiation Strength:
================================================================================
 1. theta_2                        - Score: 1.0000
 2. theta_1                        - Score: 0.7939
================================================================================
  Automatically selected 4 Gaussians for theta_1 (label 1)
  Automatically selected 4 Gaussians for theta_2 (label 1)
  Automatically selected 4 Gaussians for theta_1 (label 0)
  Automatically selected 4 Gaussians for theta_2 (label 0)
  Automatically selected 4 Gaussians for theta_1 (label 2)
  Automatically selected 3 Gaussians for theta_2 (label 2)

Optimizing 1st Order TSK Coefficients...
================================================================================
Optimization completed. Final training MSE: 0.0003
  Fitting regressor for output 'theta_2' (2/2)

Features Ranked by Differentiation Strength:
================================================================================
 1. theta_1                        - Score: 1.0000
 2. theta_2                        - Score: 0.5552
================================================================================
  Automatically selected 3 Gaussians for theta_1 (label 2)
  Automatically selected 4 Gaussians for theta_2 (label 2)
  Automatically selected 4 Gaussians for theta_2 (label 1)
  Automatically selected 4 Gaussians for theta_1 (label 1)
  Automatically selected 4 Gaussians for theta_1 (label 0)
  Automatically selected 4 Gaussians for theta_2 (label 0)

Optimizing 1st Order TSK Coefficients...
================================================================================
Optimization completed. Final training MSE: 0.0011

Per-output metrics:
  theta_1   : R2=0.7234  RMSE=0.0173  MAE=0.0114
  theta_2   : R2=0.3294  RMSE=0.0335  MAE=0.0237
train-mimo-window1 took 0.3377 seconds

############################################################
# STEP 4b: MIMO Full-State Prediction Model (window=3)
############################################################
Loading 7 simulation files for MIMO (window=3)...
MIMO combined data shape: X=(2786, 6), y=(2786, 2)
Loading 1 simulation files for MIMO (window=3)...
MIMO combined data shape: X=(398, 6), y=(398, 2)

============================================================
MIMO FULL-STATE PREDICTION MODEL (window=3)
============================================================
  Fitting regressor for output 'theta_1' (1/2)

Features Ranked by Differentiation Strength:
================================================================================
 1. theta_2_step2                  - Score: 1.0000
 2. theta_2_step1                  - Score: 0.9901
 3. theta_2_step0                  - Score: 0.9827
 4. theta_1_step0                  - Score: 0.8826
 5. theta_1_step1                  - Score: 0.8337
 6. theta_1_step2                  - Score: 0.7887
================================================================================
  Automatically selected 4 Gaussians for theta_1_step1 (label 1)
  Automatically selected 4 Gaussians for theta_1_step2 (label 1)
  Automatically selected 4 Gaussians for theta_2_step0 (label 1)
  Automatically selected 4 Gaussians for theta_1_step0 (label 1)
  Automatically selected 3 Gaussians for theta_2_step2 (label 1)
  Automatically selected 3 Gaussians for theta_2_step1 (label 1)
  Automatically selected 4 Gaussians for theta_1_step1 (label 0)
  Automatically selected 4 Gaussians for theta_1_step0 (label 0)
  Automatically selected 4 Gaussians for theta_1_step2 (label 0)
  Automatically selected 4 Gaussians for theta_2_step0 (label 0)
  Automatically selected 4 Gaussians for theta_2_step2 (label 0)
  Automatically selected 4 Gaussians for theta_2_step1 (label 0)
  Automatically selected 4 Gaussians for theta_1_step1 (label 2)
  Automatically selected 4 Gaussians for theta_1_step0 (label 2)
  Automatically selected 4 Gaussians for theta_1_step2 (label 2)
  Automatically selected 3 Gaussians for theta_2_step2 (label 2)
  Automatically selected 4 Gaussians for theta_2_step1 (label 2)
  Automatically selected 4 Gaussians for theta_2_step0 (label 2)

Optimizing 1st Order TSK Coefficients...
================================================================================
Optimization completed. Final training MSE: 0.0000
  Fitting regressor for output 'theta_2' (2/2)

Features Ranked by Differentiation Strength:
================================================================================
 1. theta_1_step2                  - Score: 1.0000
 2. theta_1_step1                  - Score: 0.9753
 3. theta_1_step0                  - Score: 0.9552
 4. theta_2_step0                  - Score: 0.5546
 5. theta_2_step1                  - Score: 0.5507
 6. theta_2_step2                  - Score: 0.5506
================================================================================
  Automatically selected 4 Gaussians for theta_2_step0 (label 1)
  Automatically selected 4 Gaussians for theta_2_step1 (label 1)
  Automatically selected 4 Gaussians for theta_2_step2 (label 1)
  Automatically selected 4 Gaussians for theta_1_step2 (label 1)
  Automatically selected 4 Gaussians for theta_1_step0 (label 1)
  Automatically selected 4 Gaussians for theta_1_step1 (label 1)
  Automatically selected 4 Gaussians for theta_2_step2 (label 2)
  Automatically selected 4 Gaussians for theta_2_step1 (label 2)
  Automatically selected 4 Gaussians for theta_2_step0 (label 2)
  Automatically selected 3 Gaussians for theta_1_step2 (label 2)
  Automatically selected 3 Gaussians for theta_1_step0 (label 2)
  Automatically selected 3 Gaussians for theta_1_step1 (label 2)
  Automatically selected 4 Gaussians for theta_2_step2 (label 0)
  Automatically selected 4 Gaussians for theta_2_step1 (label 0)
  Automatically selected 4 Gaussians for theta_2_step0 (label 0)
  Automatically selected 4 Gaussians for theta_1_step2 (label 0)
  Automatically selected 4 Gaussians for theta_1_step1 (label 0)
  Automatically selected 4 Gaussians for theta_1_step0 (label 0)

Optimizing 1st Order TSK Coefficients...